klingonLoremIpsum.txt: 92 words, 573 bytes.
loremIpsum.txt: 289 words, 1987 bytes.
starTrekLoremIpsum.txt: 205 words, 1370 bytes.
