[
    CsvRow{
        @id: 2,
        index: 0,
        columns: [
            CsvColumn{
                @id: 3,
                rowIndex: 0,
                index: 0,
                value: "Username"
            },
            CsvColumn{
                @id: 4,
                rowIndex: 0,
                index: 1,
                value: "Identifier"
            },
            CsvColumn{
                @id: 5,
                rowIndex: 0,
                index: 2,
                value: "First name"
            },
            CsvColumn{
                @id: 6,
                rowIndex: 0,
                index: 3,
                value: "Last name"
            }
        ]
    },
    CsvRow{
        @id: 7,
        index: 1,
        columns: [
            CsvColumn{
                @id: 8,
                rowIndex: 1,
                index: 0,
                value: "booker12"
            },
            CsvColumn{
                @id: 9,
                rowIndex: 1,
                index: 1,
                value: "9012"
            },
            CsvColumn{
                @id: 10,
                rowIndex: 1,
                index: 2,
                value: "Rachel"
            },
            CsvColumn{
                @id: 11,
                rowIndex: 1,
                index: 3,
                value: "Booker"
            }
        ]
    },
    CsvRow{
        @id: 12,
        index: 2,
        columns: [
            CsvColumn{
                @id: 13,
                rowIndex: 2,
                index: 0,
                value: "grey07"
            },
            CsvColumn{
                @id: 14,
                rowIndex: 2,
                index: 1,
                value: "2070"
            },
            CsvColumn{
                @id: 15,
                rowIndex: 2,
                index: 2,
                value: "Laura"
            },
            CsvColumn{
                @id: 16,
                rowIndex: 2,
                index: 3,
                value: "Grey"
            }
        ]
    },
    CsvRow{
        @id: 17,
        index: 3,
        columns: [
            CsvColumn{
                @id: 18,
                rowIndex: 3,
                index: 0,
                value: "johnson81"
            },
            CsvColumn{
                @id: 19,
                rowIndex: 3,
                index: 1,
                value: "4081"
            },
            CsvColumn{
                @id: 20,
                rowIndex: 3,
                index: 2,
                value: "Craig"
            },
            CsvColumn{
                @id: 21,
                rowIndex: 3,
                index: 3,
                value: "Johnson"
            }
        ]
    },
    CsvRow{
        @id: 22,
        index: 4,
        columns: [
            CsvColumn{
                @id: 23,
                rowIndex: 4,
                index: 0,
                value: "jenkins46"
            },
            CsvColumn{
                @id: 24,
                rowIndex: 4,
                index: 1,
                value: "9346"
            },
            CsvColumn{
                @id: 25,
                rowIndex: 4,
                index: 2,
                value: "Mary"
            },
            CsvColumn{
                @id: 26,
                rowIndex: 4,
                index: 3,
                value: "Jenkins"
            }
        ]
    },
    CsvRow{
        @id: 27,
        index: 5,
        columns: [
            CsvColumn{
                @id: 28,
                rowIndex: 5,
                index: 0,
                value: "smith79"
            },
            CsvColumn{
                @id: 29,
                rowIndex: 5,
                index: 1,
                value: "5079"
            },
            CsvColumn{
                @id: 30,
                rowIndex: 5,
                index: 2,
                value: "Jamie"
            },
            CsvColumn{
                @id: 31,
                rowIndex: 5,
                index: 3,
                value: "Smith"
            }
        ]
    }
]
